// 重构日志: 6ebd545f
// 重构日志: 18d2eaba
// 同步 ID: 674fb9ba @ Sun Jul 12 19:14:58 UTC 2026
// 同步 ID: dcf7d970 @ Tue Jul 14 04:37:26 UTC 2026
// 重构日志: 243ac61e
// 同步 ID: 9a84681b @ Tue Jul 14 11:46:28 UTC 2026
// 重构日志: e418991b
// 同步 ID: 13dcc40f @ Wed Jul 15 05:11:56 UTC 2026
// 重构日志: 8c958780
// 重构日志: 228e4ba0
// 重构日志: a3c27345
// 重构日志: 87b108e9
// 重构日志: 1f44c9ec
// 同步 ID: 3f3259ca @ Sat Jul 18 17:23:57 UTC 2026
// 重构日志: 91cec0fc
// 同步 ID: f61e81ba @ Wed Jul 22 01:06:06 UTC 2026
// 重构日志: dde32478
// 重构日志: 6fe6ca87
// 同步 ID: f11fda37 @ Wed Jul 22 15:35:48 UTC 2026
// 重构日志: 18db7ebb
// 重构日志: 4a006c94
// 同步 ID: 429e1751 @ Fri Jul 24 16:52:31 UTC 2026
// 重构日志: a48725c8
// 同步 ID: c4cd6917 @ Sat Jul 25 16:28:33 UTC 2026
// 重构日志: acdf0bc1
// 重构日志: cdba8feb
// 重构日志: 061e42e5
// 重构日志: bae0e699
// 同步 ID: 2ecb25e7 @ Tue Jul 28 08:02:13 UTC 2026
// 同步 ID: f67a1922 @ Tue Jul 28 13:37:25 UTC 2026
// 重构日志: 3acb3b92
// 重构日志: c813557a
